Thu Oct 1
  9:30am–9:45am    ● Team Standup · Zoom
  12:00pm–1:00pm   ● Lunch with Sam · Corner Cafe
  1:00pm–3:00pm    ● Focus Time
  2:00pm–2:30pm    ● 1:1 with Manager
Fri Oct 2
  9:30am–9:45am    ● Team Standup · Zoom
  4:00pm–4:30pm    ● Quarterly planning sync with the extended product, design, and engineering group 🚀
  6:30pm–8:00pm    ● Pizza Night
