Thursday, October 1 · Today
▌ 9:30am–9:45am    ● Team Standup · Zoom
  12:00pm–1:00pm   ● Lunch with Sam · Corner Cafe
  1:00pm–3:00pm    ● Focus Time
  2:00pm–2:30pm    ● 1:1 with Manager

Friday, October 2
  9:30am–9:45am    ● Team Standup · Zoom
  4:00pm–4:30pm    ● Quarterly planning sync with the extended product, design,…
  6:30pm–8:00pm    ● Pizza Night

Sunday, October 4
  8:00am–9:00am    ● Dentist · 123 Example St

Monday, October 5
  9:30am–9:45am    ● Team Standup · Zoom
  10:00am–11:00am  ● Sprint Planning

Tuesday, October 6
  all day          ● Team Offsite